******************************************************************************
                  MSP430 Linker PC v4.4.3                      
******************************************************************************
>> Linked Sun Feb 21 13:43:21 2016

OUTPUT FILE NAME:   <NRFL2401 RX.out>
ENTRY POINT SYMBOL: "_c_int00_noargs_noexit"  address: 0000ca24


MEMORY CONFIGURATION

         name            origin    length      used     unused   attr    fill
----------------------  --------  ---------  --------  --------  ----  --------
  SFR                   00000000   00000010  00000000  00000010  RWIX
  PERIPHERALS_8BIT      00000010   000000f0  00000000  000000f0  RWIX
  PERIPHERALS_16BIT     00000100   00000100  00000000  00000100  RWIX
  RAM                   00000200   00000200  000000d3  0000012d  RWIX
  INFOD                 00001000   00000040  00000000  00000040  RWIX
  INFOC                 00001040   00000040  00000000  00000040  RWIX
  INFOB                 00001080   00000040  00000000  00000040  RWIX
  INFOA                 000010c0   00000040  00000000  00000040  RWIX
  FLASH                 0000c000   00003fe0  00000b8d  00003453  RWIX
  INT00                 0000ffe0   00000002  00000002  00000000  RWIX
  INT01                 0000ffe2   00000002  00000000  00000002  RWIX
  INT02                 0000ffe4   00000002  00000002  00000000  RWIX
  INT03                 0000ffe6   00000002  00000002  00000000  RWIX
  INT04                 0000ffe8   00000002  00000000  00000002  RWIX
  INT05                 0000ffea   00000002  00000002  00000000  RWIX
  INT06                 0000ffec   00000002  00000002  00000000  RWIX
  INT07                 0000ffee   00000002  00000002  00000000  RWIX
  INT08                 0000fff0   00000002  00000002  00000000  RWIX
  INT09                 0000fff2   00000002  00000002  00000000  RWIX
  INT10                 0000fff4   00000002  00000002  00000000  RWIX
  INT11                 0000fff6   00000002  00000002  00000000  RWIX
  INT12                 0000fff8   00000002  00000002  00000000  RWIX
  INT13                 0000fffa   00000002  00000002  00000000  RWIX
  INT14                 0000fffc   00000002  00000002  00000000  RWIX
  RESET                 0000fffe   00000002  00000002  00000000  RWIX


SECTION ALLOCATION MAP

 output                                  attributes/
section   page    origin      length       input sections
--------  ----  ----------  ----------   ----------------
.bss       0    00000200    00000056     UNINITIALIZED
                  00000200    0000003c     (.common:TX_Buffer)
                  0000023c    0000000a     (.common:ADC_DATA)
                  00000246    00000004     (.common:data_A)
                  0000024a    00000004     (.common:data_B)
                  0000024e    00000004     (.common:data_C)
                  00000252    00000002     (.common:pBuff)
                  00000254    00000002     (.common:sBuff)

.data      0    00000256    0000002d     UNINITIALIZED
                  00000256    00000020     NRF24L01.obj (.data:ret$1)
                  00000276    0000000d     main.obj (.data)

.TI.persistent 
*          0    00000256    00000000     UNINITIALIZED

.stack     0    000003b0    00000050     UNINITIALIZED
                  000003b0    00000002     rts430_eabi.lib : boot.obj (.stack)
                  000003b2    0000004e     --HOLE--

.text      0    0000c000    00000b54     
                  0000c000    000001b4     main.obj (.text:RX_FORMAT_DATA)
                  0000c1b4    00000184     NRF24L01.obj (.text:nRF24L01_init)
                  0000c338    0000013e     main.obj (.text:main)
                  0000c476    00000116     rts430_eabi.lib : _printfi_min.obj (.text:_setfield)
                  0000c58c    000000ca                     : _printfi_min.obj (.text:__TI_printfi_minimal)
                  0000c656    00000064                     : copy_decompress_rle.obj (.text:__TI_decompress_rle_core)
                  0000c6ba    00000060     NRF24L01.obj (.text:nRF24L01_WriteRead)
                  0000c71a    00000058     rts430_eabi.lib : autoinit.obj (.text:_auto_init)
                  0000c772    00000056                     : _printfi_min.obj (.text:_ltostr)
                  0000c7c8    0000004e     main.obj (.text:USCI0TX_ISR)
                  0000c816    0000004e     rts430_eabi.lib : _printfi_min.obj (.text:_pproc_diouxp)
                  0000c864    0000004c                     : lsr16.obj (.text)
                  0000c8b0    00000048                     : _printfi_min.obj (.text:_pproc_str)
                  0000c8f8    00000038                     : sprintf.obj (.text:sprintf)
                  0000c930    0000002e                     : _printfi_min.obj (.text:_getarg_diouxp)
                  0000c95e    0000002e                     : div.obj (.text:div)
                  0000c98c    0000002c                     : div16s.obj (.text)
                  0000c9b8    00000028     UCB0_SPI.obj (.text:Delay_WDT)
                  0000c9e0    00000028     UCB0_SPI.obj (.text:Write_Byte_UCB0_SPI)
                  0000ca08    0000001c     NRF24L01.obj (.text:nRF24L01_reset)
                  0000ca24    0000001a     rts430_eabi.lib : boot_special.obj (.text:_c_int00_noargs_noexit)
                  0000ca3e    0000001a                     : sprintf.obj (.text:_outs)
                  0000ca58    0000001a                     : memccpy.obj (.text:memccpy)
                  0000ca72    00000018                     : _printfi_min.obj (.text:_div)
                  0000ca8a    00000016                     : div16u.obj (.text)
                  0000caa0    00000014                     : copy_zero_init.obj (.text:decompress:ZI:__TI_zero_init)
                  0000cab4    00000014                     : memset.obj (.text:memset)
                  0000cac8    00000014                     : mult16.obj (.text)
                  0000cadc    00000012                     : sprintf.obj (.text:_outc)
                  0000caee    00000012                     : copy_decompress_none.obj (.text:decompress:none:__TI_decompress_none)
                  0000cb00    00000012                     : memcpy.obj (.text:memcpy)
                  0000cb12    00000010     main.obj (.text:P2_ISR)
                  0000cb22    00000010     rts430_eabi.lib : epilog.obj (.text)
                  0000cb32    0000000e                     : strlen.obj (.text:strlen)
                  0000cb40    00000006                     : isr_trap.obj (.text:_isr:__TI_ISR_TRAP)
                  0000cb46    00000006                     : copy_decompress_rle.obj (.text:decompress:rle24:__TI_decompress_rle24)
                  0000cb4c    00000004                     : pre_init.obj (.text:_system_pre_init)
                  0000cb50    00000004                     : exit.obj (.text:abort)

.const     0    0000cb54    00000019     
                  0000cb54    00000014     rts430_eabi.lib : _printfi_min.obj (.const:.string)
                  0000cb68    00000004     main.obj (.const:.string)
                  0000cb6c    00000001     NRF24L01.obj (.const:.string:$P$T0$2)

.cinit     0    0000cb6e    00000020     
                  0000cb6e    0000000e     (.cinit..data.load) [load image, compression = rle]
                  0000cb7c    00000006     (__TI_handler_table)
                  0000cb82    00000004     (.cinit..bss.load) [load image, compression = zero_init]
                  0000cb86    00000008     (__TI_cinit_table)

.init_array 
*          0    0000c000    00000000     UNINITIALIZED

TRAPINT    0    0000ffe0    00000002     
                  0000ffe0    00000002     rts430_eabi.lib : int00.obj (.int00)

PORT1      0    0000ffe4    00000002     
                  0000ffe4    00000002     rts430_eabi.lib : int02.obj (.int02)

PORT2      0    0000ffe6    00000002     
                  0000ffe6    00000002     main.obj (.int03)

ADC10      0    0000ffea    00000002     
                  0000ffea    00000002     rts430_eabi.lib : int05.obj (.int05)

USCIAB0TX 
*          0    0000ffec    00000002     
                  0000ffec    00000002     main.obj (.int06)

USCIAB0RX 
*          0    0000ffee    00000002     
                  0000ffee    00000002     rts430_eabi.lib : int07.obj (.int07)

TIMER0_A1 
*          0    0000fff0    00000002     
                  0000fff0    00000002     rts430_eabi.lib : int08.obj (.int08)

TIMER0_A0 
*          0    0000fff2    00000002     
                  0000fff2    00000002     rts430_eabi.lib : int09.obj (.int09)

WDT        0    0000fff4    00000002     
                  0000fff4    00000002     rts430_eabi.lib : int10.obj (.int10)

COMPARATORA 
*          0    0000fff6    00000002     
                  0000fff6    00000002     rts430_eabi.lib : int11.obj (.int11)

TIMER1_A1 
*          0    0000fff8    00000002     
                  0000fff8    00000002     rts430_eabi.lib : int12.obj (.int12)

TIMER1_A0 
*          0    0000fffa    00000002     
                  0000fffa    00000002     rts430_eabi.lib : int13.obj (.int13)

NMI        0    0000fffc    00000002     
                  0000fffc    00000002     rts430_eabi.lib : int14.obj (.int14)

.reset     0    0000fffe    00000002     
                  0000fffe    00000002     rts430_eabi.lib : boot.obj (.reset)


LINKER GENERATED COPY TABLES

__TI_cinit_table @ 0000cb86 records: 2, size/record: 4, table size: 8
	.data: load addr=0000cb6e, load size=0000000e bytes, run addr=00000256, run size=0000002d bytes, compression=rle
	.bss: load addr=0000cb82, load size=00000004 bytes, run addr=00000200, run size=00000056 bytes, compression=zero_init


LINKER GENERATED HANDLER TABLE

__TI_handler_table @ 0000cb7c records: 3, size/record: 2, table size: 6
	index: 0, handler: __TI_zero_init
	index: 1, handler: __TI_decompress_rle24
	index: 2, handler: __TI_decompress_none


GLOBAL SYMBOLS: SORTED ALPHABETICALLY BY Name 

address   name                    
-------   ----                    
0000004a  ADC10AE0                
000001b0  ADC10CTL0               
000001b2  ADC10CTL1               
00000048  ADC10DTC0               
00000049  ADC10DTC1               
000001b4  ADC10MEM                
000001bc  ADC10SA                 
0000023c  ADC_DATA                
00000057  BCSCTL1                 
00000058  BCSCTL2                 
00000053  BCSCTL3                 
0000cb50  C$$EXIT                 
00000059  CACTL1                  
0000005a  CACTL2                  
000010fb  CALBC1_12MHZ            
000010f9  CALBC1_16MHZ            
000010ff  CALBC1_1MHZ             
000010fd  CALBC1_8MHZ             
000010fa  CALDCO_12MHZ            
000010f8  CALDCO_16MHZ            
000010fe  CALDCO_1MHZ             
000010fc  CALDCO_8MHZ             
0000005b  CAPD                    
0000027e  DATA_A_CHAR             
0000027f  DATA_B_CHAR             
00000280  DATA_C_CHAR             
00000281  DATA_D_CHAR             
00000282  DATA_E_CHAR             
00000056  DCOCTL                  
0000c9b8  Delay_WDT               
00000128  FCTL1                   
0000012a  FCTL2                   
0000012c  FCTL3                   
00000000  IE1                     
00000001  IE2                     
00000002  IFG1                    
00000003  IFG2                    
0000027a  Lower                   
00000022  P1DIR                   
00000025  P1IE                    
00000024  P1IES                   
00000023  P1IFG                   
00000020  P1IN                    
00000021  P1OUT                   
00000027  P1REN                   
00000026  P1SEL                   
00000041  P1SEL2                  
0000002a  P2DIR                   
0000002d  P2IE                    
0000002c  P2IES                   
0000002b  P2IFG                   
00000028  P2IN                    
00000029  P2OUT                   
0000002f  P2REN                   
0000002e  P2SEL                   
00000042  P2SEL2                  
0000cb12  P2_ISR                  
0000001a  P3DIR                   
00000018  P3IN                    
00000019  P3OUT                   
00000010  P3REN                   
0000001b  P3SEL                   
00000043  P3SEL2                  
0000027c  PIPE_NUM                
0000c000  RX_FORMAT_DATA          
00000172  TA0CCR0                 
00000174  TA0CCR1                 
00000176  TA0CCR2                 
00000162  TA0CCTL0                
00000164  TA0CCTL1                
00000166  TA0CCTL2                
00000160  TA0CTL                  
0000012e  TA0IV                   
00000170  TA0R                    
00000192  TA1CCR0                 
00000194  TA1CCR1                 
00000196  TA1CCR2                 
00000182  TA1CCTL0                
00000184  TA1CCTL1                
00000186  TA1CCTL2                
00000180  TA1CTL                  
0000011e  TA1IV                   
00000190  TA1R                    
000010db  TLV_ADC10_1_LEN         
000010da  TLV_ADC10_1_TAG         
000010c0  TLV_CHECKSUM            
000010f7  TLV_DCO_30_LEN          
000010f6  TLV_DCO_30_TAG          
00000276  TX_Buff                 
00000200  TX_Buffer               
0000005d  UCA0ABCTL               
00000062  UCA0BR0                 
00000063  UCA0BR1                 
00000060  UCA0CTL0                
00000061  UCA0CTL1                
0000005f  UCA0IRRCTL              
0000005e  UCA0IRTCTL              
00000064  UCA0MCTL                
00000066  UCA0RXBUF               
00000065  UCA0STAT                
00000067  UCA0TXBUF               
0000006a  UCB0BR0                 
0000006b  UCB0BR1                 
00000068  UCB0CTL0                
00000069  UCB0CTL1                
0000006c  UCB0I2CIE               
00000118  UCB0I2COA               
0000011a  UCB0I2CSA               
0000006e  UCB0RXBUF               
0000006d  UCB0STAT                
0000006f  UCB0TXBUF               
0000c7c8  USCI0TX_ISR             
00000278  Upper                   
00000120  WDTCTL                  
0000c9e0  Write_Byte_UCB0_SPI     
00000400  __STACK_END             
00000050  __STACK_SIZE            
0000cb86  __TI_CINIT_Base         
0000cb8e  __TI_CINIT_Limit        
0000cb7c  __TI_Handler_Table_Base 
0000cb82  __TI_Handler_Table_Limit
UNDEFED   __TI_INITARRAY_Base     
UNDEFED   __TI_INITARRAY_Limit    
0000cb40  __TI_ISR_TRAP           
0000caee  __TI_decompress_none    
0000cb46  __TI_decompress_rle24   
0000ffe0  __TI_int00              
0000ffe4  __TI_int02              
0000ffe6  __TI_int03              
0000ffea  __TI_int05              
0000ffec  __TI_int06              
0000ffee  __TI_int07              
0000fff0  __TI_int08              
0000fff2  __TI_int09              
0000fff4  __TI_int10              
0000fff6  __TI_int11              
0000fff8  __TI_int12              
0000fffa  __TI_int13              
0000fffc  __TI_int14              
0000c58c  __TI_printfi_minimal    
0000caa0  __TI_zero_init          
ffffffff  __binit__               
ffffffff  __c_args__              
0000c98c  __mspabi_divi           
0000ca8a  __mspabi_divu           
0000cb2e  __mspabi_func_epilog_1  
0000cb2c  __mspabi_func_epilog_2  
0000cb2a  __mspabi_func_epilog_3  
0000cb28  __mspabi_func_epilog_4  
0000cb26  __mspabi_func_epilog_5  
0000cb24  __mspabi_func_epilog_6  
0000cb22  __mspabi_func_epilog_7  
0000cac8  __mspabi_mpyi           
0000cac8  __mspabi_mpyi_sw        
0000c98c  __mspabi_remi           
0000ca8a  __mspabi_remu           
0000c864  __mspabi_srli           
0000c8aa  __mspabi_srli_1         
0000c886  __mspabi_srli_10        
0000c882  __mspabi_srli_11        
0000c87e  __mspabi_srli_12        
0000c87a  __mspabi_srli_13        
0000c876  __mspabi_srli_14        
0000c872  __mspabi_srli_15        
0000c8a6  __mspabi_srli_2         
0000c8a2  __mspabi_srli_3         
0000c89e  __mspabi_srli_4         
0000c89a  __mspabi_srli_5         
0000c896  __mspabi_srli_6         
0000c892  __mspabi_srli_7         
0000c88e  __mspabi_srli_8         
0000c88a  __mspabi_srli_9         
0000c71a  _auto_init              
0000ca24  _c_int00_noargs_noexit  
0000fffe  _reset_vector           
000003b0  _stack                  
0000cb4c  _system_pre_init        
0000cb50  abort                   
ffffffff  binit                   
00000246  data_A                  
0000024a  data_B                  
0000024e  data_C                  
0000c95e  div                     
0000c338  main                    
0000ca58  memccpy                 
0000cb00  memcpy                  
0000cab4  memset                  
0000c6ba  nRF24L01_WriteRead      
0000c1b4  nRF24L01_init           
0000ca08  nRF24L01_reset          
00000252  pBuff                   
00000254  sBuff                   
0000c8f8  sprintf                 
0000cb32  strlen                  


GLOBAL SYMBOLS: SORTED BY Symbol Address 

address   name                    
-------   ----                    
00000000  IE1                     
00000001  IE2                     
00000002  IFG1                    
00000003  IFG2                    
00000010  P3REN                   
00000018  P3IN                    
00000019  P3OUT                   
0000001a  P3DIR                   
0000001b  P3SEL                   
00000020  P1IN                    
00000021  P1OUT                   
00000022  P1DIR                   
00000023  P1IFG                   
00000024  P1IES                   
00000025  P1IE                    
00000026  P1SEL                   
00000027  P1REN                   
00000028  P2IN                    
00000029  P2OUT                   
0000002a  P2DIR                   
0000002b  P2IFG                   
0000002c  P2IES                   
0000002d  P2IE                    
0000002e  P2SEL                   
0000002f  P2REN                   
00000041  P1SEL2                  
00000042  P2SEL2                  
00000043  P3SEL2                  
00000048  ADC10DTC0               
00000049  ADC10DTC1               
0000004a  ADC10AE0                
00000050  __STACK_SIZE            
00000053  BCSCTL3                 
00000056  DCOCTL                  
00000057  BCSCTL1                 
00000058  BCSCTL2                 
00000059  CACTL1                  
0000005a  CACTL2                  
0000005b  CAPD                    
0000005d  UCA0ABCTL               
0000005e  UCA0IRTCTL              
0000005f  UCA0IRRCTL              
00000060  UCA0CTL0                
00000061  UCA0CTL1                
00000062  UCA0BR0                 
00000063  UCA0BR1                 
00000064  UCA0MCTL                
00000065  UCA0STAT                
00000066  UCA0RXBUF               
00000067  UCA0TXBUF               
00000068  UCB0CTL0                
00000069  UCB0CTL1                
0000006a  UCB0BR0                 
0000006b  UCB0BR1                 
0000006c  UCB0I2CIE               
0000006d  UCB0STAT                
0000006e  UCB0RXBUF               
0000006f  UCB0TXBUF               
00000118  UCB0I2COA               
0000011a  UCB0I2CSA               
0000011e  TA1IV                   
00000120  WDTCTL                  
00000128  FCTL1                   
0000012a  FCTL2                   
0000012c  FCTL3                   
0000012e  TA0IV                   
00000160  TA0CTL                  
00000162  TA0CCTL0                
00000164  TA0CCTL1                
00000166  TA0CCTL2                
00000170  TA0R                    
00000172  TA0CCR0                 
00000174  TA0CCR1                 
00000176  TA0CCR2                 
00000180  TA1CTL                  
00000182  TA1CCTL0                
00000184  TA1CCTL1                
00000186  TA1CCTL2                
00000190  TA1R                    
00000192  TA1CCR0                 
00000194  TA1CCR1                 
00000196  TA1CCR2                 
000001b0  ADC10CTL0               
000001b2  ADC10CTL1               
000001b4  ADC10MEM                
000001bc  ADC10SA                 
00000200  TX_Buffer               
0000023c  ADC_DATA                
00000246  data_A                  
0000024a  data_B                  
0000024e  data_C                  
00000252  pBuff                   
00000254  sBuff                   
00000276  TX_Buff                 
00000278  Upper                   
0000027a  Lower                   
0000027c  PIPE_NUM                
0000027e  DATA_A_CHAR             
0000027f  DATA_B_CHAR             
00000280  DATA_C_CHAR             
00000281  DATA_D_CHAR             
00000282  DATA_E_CHAR             
000003b0  _stack                  
00000400  __STACK_END             
000010c0  TLV_CHECKSUM            
000010da  TLV_ADC10_1_TAG         
000010db  TLV_ADC10_1_LEN         
000010f6  TLV_DCO_30_TAG          
000010f7  TLV_DCO_30_LEN          
000010f8  CALDCO_16MHZ            
000010f9  CALBC1_16MHZ            
000010fa  CALDCO_12MHZ            
000010fb  CALBC1_12MHZ            
000010fc  CALDCO_8MHZ             
000010fd  CALBC1_8MHZ             
000010fe  CALDCO_1MHZ             
000010ff  CALBC1_1MHZ             
0000c000  RX_FORMAT_DATA          
0000c1b4  nRF24L01_init           
0000c338  main                    
0000c58c  __TI_printfi_minimal    
0000c6ba  nRF24L01_WriteRead      
0000c71a  _auto_init              
0000c7c8  USCI0TX_ISR             
0000c864  __mspabi_srli           
0000c872  __mspabi_srli_15        
0000c876  __mspabi_srli_14        
0000c87a  __mspabi_srli_13        
0000c87e  __mspabi_srli_12        
0000c882  __mspabi_srli_11        
0000c886  __mspabi_srli_10        
0000c88a  __mspabi_srli_9         
0000c88e  __mspabi_srli_8         
0000c892  __mspabi_srli_7         
0000c896  __mspabi_srli_6         
0000c89a  __mspabi_srli_5         
0000c89e  __mspabi_srli_4         
0000c8a2  __mspabi_srli_3         
0000c8a6  __mspabi_srli_2         
0000c8aa  __mspabi_srli_1         
0000c8f8  sprintf                 
0000c95e  div                     
0000c98c  __mspabi_divi           
0000c98c  __mspabi_remi           
0000c9b8  Delay_WDT               
0000c9e0  Write_Byte_UCB0_SPI     
0000ca08  nRF24L01_reset          
0000ca24  _c_int00_noargs_noexit  
0000ca58  memccpy                 
0000ca8a  __mspabi_divu           
0000ca8a  __mspabi_remu           
0000caa0  __TI_zero_init          
0000cab4  memset                  
0000cac8  __mspabi_mpyi           
0000cac8  __mspabi_mpyi_sw        
0000caee  __TI_decompress_none    
0000cb00  memcpy                  
0000cb12  P2_ISR                  
0000cb22  __mspabi_func_epilog_7  
0000cb24  __mspabi_func_epilog_6  
0000cb26  __mspabi_func_epilog_5  
0000cb28  __mspabi_func_epilog_4  
0000cb2a  __mspabi_func_epilog_3  
0000cb2c  __mspabi_func_epilog_2  
0000cb2e  __mspabi_func_epilog_1  
0000cb32  strlen                  
0000cb40  __TI_ISR_TRAP           
0000cb46  __TI_decompress_rle24   
0000cb4c  _system_pre_init        
0000cb50  C$$EXIT                 
0000cb50  abort                   
0000cb7c  __TI_Handler_Table_Base 
0000cb82  __TI_Handler_Table_Limit
0000cb86  __TI_CINIT_Base         
0000cb8e  __TI_CINIT_Limit        
0000ffe0  __TI_int00              
0000ffe4  __TI_int02              
0000ffe6  __TI_int03              
0000ffea  __TI_int05              
0000ffec  __TI_int06              
0000ffee  __TI_int07              
0000fff0  __TI_int08              
0000fff2  __TI_int09              
0000fff4  __TI_int10              
0000fff6  __TI_int11              
0000fff8  __TI_int12              
0000fffa  __TI_int13              
0000fffc  __TI_int14              
0000fffe  _reset_vector           
ffffffff  __binit__               
ffffffff  __c_args__              
ffffffff  binit                   
UNDEFED   __TI_INITARRAY_Base     
UNDEFED   __TI_INITARRAY_Limit    

[194 symbols]
